select * from sys.dm_os_host_info;
go
~~START~~
nvarchar#!#nvarchar#!#nvarchar#!#nvarchar#!#int#!#int
Windows#!##!##!##!#<NULL>#!#1033
~~END~~

